Using CPython 3.12.13 interpreter at: /home/jules/.pyenv/versions/3.12.13/bin/python3.12
Creating virtual environment at: .venv
Downloading sqlalchemy (3.2MiB)
Downloading pygments (1.2MiB)
Downloading playwright (44.1MiB)
Downloading holidays (1.3MiB)
 Downloaded sqlalchemy
 Downloaded pygments
 Downloaded holidays
 Downloaded playwright
Installed 23 packages in 117ms
[2026-04-02 01:24:44 +0000] [31893] [INFO] Starting gunicorn 25.1.0
[2026-04-02 01:24:44 +0000] [31893] [INFO] Listening at: http://0.0.0.0:3000 (31893)
[2026-04-02 01:24:44 +0000] [31893] [INFO] Using worker: sync
[2026-04-02 01:24:44 +0000] [31893] [INFO] Control socket listening at /app/gunicorn.ctl
[2026-04-02 01:24:44 +0000] [32639] [INFO] Booting worker with pid: 32639
[2026-04-02 01:25:38 +0000] [31893] [INFO] Handling signal: term
[2026-04-02 01:25:38 +0000] [32639] [INFO] Worker exiting (pid: 32639)
[2026-04-02 01:25:38 +0000] [31893] [INFO] Worker (pid:32639) was sent SIGTERM!
[2026-04-02 01:25:38 +0000] [31893] [INFO] Shutting down: Master
